// Jest Snapshot v1, https://goo.gl/fbAQLP

exports[`PopulationLineChart コンポーネント 正しくレンダリングされているか 1`] = `
<div>
  <div
    style="width: 500px; height: 400px;"
  >
    <div
      class="h-[400px] w-full"
      style="min-width: 300px; min-height: 400px;"
    >
      <div
        class="recharts-responsive-container"
        style="width: 100%; height: 100%; min-width: 0;"
      />
    </div>
  </div>
</div>
`;
